// Jest Snapshot v1, https://goo.gl/fbAQLP

exports[`Application loads data, books an interview and reduces the spots remaining for the first day by 1 1`] = `
<article
  class="appointment"
  data-testid="appointment"
>
  <main
    class="appointment__card appointment__card--status"
  >
    <img
      alt="Loading"
      class="appointment__status-image"
      src="images/status.png"
    />
    <h1
      class="text--semi-bold"
    >
      SAVING
    </h1>
  </main>
</article>
`;
